// Jest Snapshot v1, https://goo.gl/fbAQLP

exports[`Header component should render the component 1`] = `
<div>
  <form
    action="#"
  >
    <div
      class="input-wrapper"
    >
      <label
        for="name"
      >
        Name:
        <span>
           *
        </span>
      </label>
      <input
        data-testid="name-input"
        id="name"
        name="name"
        placeholder="Ash"
        type="text"
        value=""
      />
    </div>
    <div
      class="input-wrapper"
    >
      <label
        for="role"
      >
        Role:
      </label>
      <input
        data-testid="role-input"
        id="role"
        name="role"
        placeholder="Software engineer"
        type="text"
        value=""
      />
    </div>
    <div
      class="input-wrapper"
    >
      <label
        for="email"
      >
        Email:
        <span>
           *
        </span>
      </label>
      <input
        data-testid="email-input"
        id="email"
        name="email"
        placeholder="ash@ketchum.com"
        type="email"
        value=""
      />
    </div>
    <div
      class="input-wrapper"
    >
      <label
        for="password"
      >
        Password:
        <span>
           *
        </span>
      </label>
      <input
        data-testid="password-input"
        id="password"
        name="password"
        placeholder="**********"
        type="password"
        value=""
      />
    </div>
    <button
      class="submit-button"
      data-testid="submit-button"
      type="submit"
    >
      Submit
    </button>
  </form>
</div>
`;
