// Jest Snapshot v1, https://goo.gl/fbAQLP

exports[`Input component should render the component 1`] = `
<div>
  <div
    class="checkbox-wrapper"
  >
    <input
      data-testid="test-checkbox"
      id="test"
      name="test"
      type="checkbox"
      value=""
    />
    <label
      for="test"
    >
      Test label
    </label>
  </div>
</div>
`;
